// Jest Snapshot v1, https://goo.gl/fbAQLP

exports[`ContextualLinks renders correctly 1`] = `
<div
  className="leftNav"
>
  <ul
    className="
        inactive
         root
        "
  >
    <li
      className="parent"
    >
      <svg
        className="caret"
        fill="none"
        height="24"
        onClick={[Function]}
        viewBox="0 0 24 24"
        width="24"
        xmlns="http://www.w3.org/2000/svg"
      >
        <path
          clipRule="evenodd"
          d="m16.5303 8.96967c.2929.29289.2929.76777 0 1.06063l-4 4c-.2929.2929-.7677.2929-1.0606 0l-4.00003-4c-.29289-.29286-.29289-.76774 0-1.06063s.76777-.29289 1.06066 0l3.46967 3.46963 3.4697-3.46963c.2929-.29289.7677-.29289 1.0606 0z"
          fill="#707070"
          fillRule="evenodd"
        />
      </svg>
      <button
        identifier="docs"
        onClick={[Function]}
        type="button"
      >
        docs
      </button>
    </li>
    <ul
      className="
        inactive
        
        "
    >
      <li
        className="parent"
      >
        <svg
          className="caret"
          fill="none"
          height="24"
          onClick={[Function]}
          viewBox="0 0 24 24"
          width="24"
          xmlns="http://www.w3.org/2000/svg"
        >
          <path
            clipRule="evenodd"
            d="m16.5303 8.96967c.2929.29289.2929.76777 0 1.06063l-4 4c-.2929.2929-.7677.2929-1.0606 0l-4.00003-4c-.29289-.29286-.29289-.76774 0-1.06063s.76777-.29289 1.06066 0l3.46967 3.46963 3.4697-3.46963c.2929-.29289.7677-.29289 1.0606 0z"
            fill="#707070"
            fillRule="evenodd"
          />
        </svg>
        <button
          identifier="foo"
          onClick={[Function]}
          type="button"
        >
          foo
        </button>
      </li>
      <li
        className="child"
      >
        <div
          className="activeIndicator"
        />
        <a
          href="/docs/foo/slug/"
        >
          slug
        </a>
      </li>
      <ul
        className="
        inactive
        
        "
      >
        <li
          className="parent"
        >
          <svg
            className="caret"
            fill="none"
            height="24"
            onClick={[Function]}
            viewBox="0 0 24 24"
            width="24"
            xmlns="http://www.w3.org/2000/svg"
          >
            <path
              clipRule="evenodd"
              d="m16.5303 8.96967c.2929.29289.2929.76777 0 1.06063l-4 4c-.2929.2929-.7677.2929-1.0606 0l-4.00003-4c-.29289-.29286-.29289-.76774 0-1.06063s.76777-.29289 1.06066 0l3.46967 3.46963 3.4697-3.46963c.2929-.29289.7677-.29289 1.0606 0z"
              fill="#707070"
              fillRule="evenodd"
            />
          </svg>
          <button
            identifier="nested"
            onClick={[Function]}
            type="button"
          >
            nested
          </button>
        </li>
        <li
          className="child"
        >
          <div
            className="activeIndicator"
          />
          <a
            href="/docs/foo/nested/nestedslug/"
          >
            nested slug
          </a>
        </li>
      </ul>
    </ul>
    <ul
      className="
        inactive
        
        "
    >
      <li
        className="parent"
      >
        <svg
          className="caret"
          fill="none"
          height="24"
          onClick={[Function]}
          viewBox="0 0 24 24"
          width="24"
          xmlns="http://www.w3.org/2000/svg"
        >
          <path
            clipRule="evenodd"
            d="m16.5303 8.96967c.2929.29289.2929.76777 0 1.06063l-4 4c-.2929.2929-.7677.2929-1.0606 0l-4.00003-4c-.29289-.29286-.29289-.76774 0-1.06063s.76777-.29289 1.06066 0l3.46967 3.46963 3.4697-3.46963c.2929-.29289.7677-.29289 1.0606 0z"
            fill="#707070"
            fillRule="evenodd"
          />
        </svg>
        <button
          identifier="bar"
          onClick={[Function]}
          type="button"
        >
          bar
        </button>
      </li>
      <li
        className="child"
      >
        <div
          className="activeIndicator"
        />
        <a
          href="/docs/bar/otherslug/"
        >
          otherslug
        </a>
      </li>
    </ul>
  </ul>
</div>
`;
